// Jest Snapshot v1, https://goo.gl/fbAQLP

exports[`Support page should render Support component 1`] = `
<Modal
  actions={
    Array [
      <Button
        onClick={[Function]}
      >
        Reload
      </Button>,
    ]
  }
  appendTo={[Function]}
  aria-describedby=""
  aria-label="Unable to log"
  aria-labelledby=""
  className="pf-m-redhat-font"
  hasNoBodyWrapper={false}
  header={
    <Stack
      hasGutter={true}
    >
      <StackItem>
        <TextContent>
          <Text
            component="h1"
          >
            <ExclamationTriangleIcon
              color="currentColor"
              noVerticalAlign={false}
              size="sm"
              style={
                Object {
                  "color": "#f0ab00",
                  "fontSize": "2.25rem",
                  "marginBottom": "0.5rem",
                  "marginRight": "1rem",
                  "verticalAlign": "middle",
                }
              }
            />
            User not configured
          </Text>
        </TextContent>
      </StackItem>
      <StackItem>
        <TextContent>
          <Text>
            By default, Infinispan Server requires user authentication, but you did not configure any user before running the server.
          </Text>
        </TextContent>
      </StackItem>
    </Stack>
  }
  isOpen={true}
  onClose={[Function]}
  ouiaSafe={true}
  showClose={true}
  title=""
  variant="default"
  width="80%"
>
  <TextContent>
    <Text
      component="h6"
    >
      Download and run
    </Text>
    <Text
      component="pre"
    >
      ./bin/cli.sh user create admin -p pass
    </Text>
    <Text
      component="pre"
    >
      ./bin/server.sh
    </Text>
    <Text
      component="h6"
    >
      Podman
    </Text>
    <Text
      component="pre"
    >
      podman run --net=host -p 11222:11222 -e USER="admin" -e PASS="pass" quay.io/infinispan/server:12.0
    </Text>
    <Text
      component="h6"
    >
      Docker
    </Text>
    <Text
      component="pre"
    >
      docker run -it -p 11222:11222 -e USER="admin" -e PASS="pass" infinispan/server:12.0
    </Text>
  </TextContent>
</Modal>
`;
